// Jest Snapshot v1, https://goo.gl/fbAQLP

exports[`Test DateE should be able to render the component 1`] = `
<div
  className="DateE"
>
  <h1
    className="exampleHeader"
  >
    default
  </h1>
  <span
    className="Date"
  >
    4:00 PM
  </span>
  <h1
    className="exampleHeader"
  >
    2017-03-10T21:21:00.000Z
  </h1>
  <span
    className="Date"
  >
    4:00 PM
  </span>
</div>
`;
