// Jest Snapshot v1, https://goo.gl/fbAQLP

exports[`Test App should be able to render the default component 1`] = `
<div
  className="AppE"
>
  <h1
    className="exampleHeader"
  >
    Default
  </h1>
  <div
    className="App"
  >
    <header>
      Twine Mail
    </header>
    <main>
      <div
        className="UnreadEmails"
      >
        <header>
          Unread Emails
        </header>
        <p
          className="NoItems"
        >
          There are no items available.
        </p>
        <ul />
      </div>
      <div
        className="ReadEmails"
      >
        <header>
          Read Emails
        </header>
        <p
          className="NoItems"
        >
          There are no items available.
        </p>
        <ul />
      </div>
    </main>
  </div>
</div>
`;
